{
  "version": "1.5.0",
  "plugins_used": [
    {
      "name": "ArtifactoryDetector"
    },
    {
      "name": "AWSKeyDetector"
    },
    {
      "name": "AzureStorageKeyDetector"
    },
    {
      "name": "Base64HighEntropyString",
      "limit": 4.5
    },
    {
      "name": "BasicAuthDetector"
    },
    {
      "name": "CloudantDetector"
    },
    {
      "name": "DiscordBotTokenDetector"
    },
    {
      "name": "GitHubTokenDetector"
    },
    {
      "name": "GitLabTokenDetector"
    },
    {
      "name": "HexHighEntropyString",
      "limit": 3.0
    },
    {
      "name": "IbmCloudIamDetector"
    },
    {
      "name": "IbmCosHmacDetector"
    },
    {
      "name": "IPPublicDetector"
    },
    {
      "name": "JwtTokenDetector"
    },
    {
      "name": "KeywordDetector",
      "keyword_exclude": ""
    },
    {
      "name": "MailchimpDetector"
    },
    {
      "name": "NpmDetector"
    },
    {
      "name": "OpenAIDetector"
    },
    {
      "name": "PrivateKeyDetector"
    },
    {
      "name": "PypiTokenDetector"
    },
    {
      "name": "SendGridDetector"
    },
    {
      "name": "SlackDetector"
    },
    {
      "name": "SoftlayerDetector"
    },
    {
      "name": "SquareOAuthDetector"
    },
    {
      "name": "StripeDetector"
    },
    {
      "name": "TelegramBotTokenDetector"
    },
    {
      "name": "TwilioKeyDetector"
    }
  ],
  "filters_used": [
    {
      "path": "detect_secrets.filters.allowlist.is_line_allowlisted"
    },
    {
      "path": "detect_secrets.filters.common.is_baseline_file",
      "filename": ".secrets.baseline"
    },
    {
      "path": "detect_secrets.filters.common.is_ignored_due_to_verification_policies",
      "min_level": 2
    },
    {
      "path": "detect_secrets.filters.heuristic.is_indirect_reference"
    },
    {
      "path": "detect_secrets.filters.heuristic.is_likely_id_string"
    },
    {
      "path": "detect_secrets.filters.heuristic.is_lock_file"
    },
    {
      "path": "detect_secrets.filters.heuristic.is_not_alphanumeric_string"
    },
    {
      "path": "detect_secrets.filters.heuristic.is_potential_uuid"
    },
    {
      "path": "detect_secrets.filters.heuristic.is_prefixed_with_dollar_sign"
    },
    {
      "path": "detect_secrets.filters.heuristic.is_sequential_string"
    },
    {
      "path": "detect_secrets.filters.heuristic.is_swagger_file"
    },
    {
      "path": "detect_secrets.filters.heuristic.is_templated_secret"
    }
  ],
  "results": {
    ".github/workflows/main.yml": [
      {
        "type": "Secret Keyword",
        "filename": ".github/workflows/main.yml",
        "hashed_secret": "3e26d6750975d678acb8fa35a0f69237881576b0",
        "is_verified": false,
        "line_number": 12
      }
    ],
    ".github/workflows/pull-request.yml": [
      {
        "type": "Secret Keyword",
        "filename": ".github/workflows/pull-request.yml",
        "hashed_secret": "3e26d6750975d678acb8fa35a0f69237881576b0",
        "is_verified": false,
        "line_number": 17
      }
    ],
    "pnpm-lock.yaml": [
      {
        "type": "Base64 High Entropy String",
        "filename": "pnpm-lock.yaml",
        "hashed_secret": "6d6c2b7c0b3dcb51c90b683cbcbb6e83b4715ce6",
        "is_verified": false,
        "line_number": 73
      },
      {
        "type": "Base64 High Entropy String",
        "filename": "pnpm-lock.yaml",
        "hashed_secret": "a663af0a94cb6ab57fb8da6cdc54c8b8b5c3dd66",
        "is_verified": false,
        "line_number": 79
      },
      {
        "type": "Base64 High Entropy String",
        "filename": "pnpm-lock.yaml",
        "hashed_secret": "834bab9146f07e381a83b25929e39629c7ed310b",
        "is_verified": false,
        "line_number": 85
      },
      {
        "type": "Base64 High Entropy String",
        "filename": "pnpm-lock.yaml",
        "hashed_secret": "8319864fae2ce720a9588f890930b4dd3f736a4f",
        "is_verified": false,
        "line_number": 95
      },
      {
        "type": "Base64 High Entropy String",
        "filename": "pnpm-lock.yaml",
        "hashed_secret": "96393754ecdf525c798560bfe0e751502aa16dd1",
        "is_verified": false,
        "line_number": 102
      },
      {
        "type": "Base64 High Entropy String",
        "filename": "pnpm-lock.yaml",
        "hashed_secret": "024d2181b9458305d9f1de0e02a21909059d1d01",
        "is_verified": false,
        "line_number": 109
      },
      {
        "type": "Base64 High Entropy String",
        "filename": "pnpm-lock.yaml",
        "hashed_secret": "1a23a18fccef173dc9033c96c75d5b8500f67bda",
        "is_verified": false,
        "line_number": 117
      },
      {
        "type": "Base64 High Entropy String",
        "filename": "pnpm-lock.yaml",
        "hashed_secret": "af36f44fd661863d2f5bfd56bd67809aa6be8c14",
        "is_verified": false,
        "line_number": 124
      },
      {
        "type": "Base64 High Entropy String",
        "filename": "pnpm-lock.yaml",
        "hashed_secret": "60727937c06671332c369977f1b18425c6c98880",
        "is_verified": false,
        "line_number": 131
      },
      {
        "type": "Base64 High Entropy String",
        "filename": "pnpm-lock.yaml",
        "hashed_secret": "01e8ad376dba99a17b9beca037656ecb5a2e43d0",
        "is_verified": false,
        "line_number": 138
      },
      {
        "type": "Base64 High Entropy String",
        "filename": "pnpm-lock.yaml",
        "hashed_secret": "0e4efd6aed9930cddde471c57d034678b578bfd6",
        "is_verified": false,
        "line_number": 147
      },
      {
        "type": "Base64 High Entropy String",
        "filename": "pnpm-lock.yaml",
        "hashed_secret": "271f867601b96f37f9cf324af2e8dcaaa5a18f08",
        "is_verified": false,
        "line_number": 156
      },
      {
        "type": "Base64 High Entropy String",
        "filename": "pnpm-lock.yaml",
        "hashed_secret": "329cd032d340db496c1ba9e5e31ad0997b224495",
        "is_verified": false,
        "line_number": 165
      },
      {
        "type": "Base64 High Entropy String",
        "filename": "pnpm-lock.yaml",
        "hashed_secret": "b15afcb9c13e7aa9f9b8c61acbc41c3ac0883125",
        "is_verified": false,
        "line_number": 174
      },
      {
        "type": "Base64 High Entropy String",
        "filename": "pnpm-lock.yaml",
        "hashed_secret": "fd7819eb8809630f54a9434b82daafd3b8fb422a",
        "is_verified": false,
        "line_number": 183
      },
      {
        "type": "Base64 High Entropy String",
        "filename": "pnpm-lock.yaml",
        "hashed_secret": "1b0d7d5fa18baab9c9b5c3a8f1cb6068420168e5",
        "is_verified": false,
        "line_number": 192
      },
      {
        "type": "Base64 High Entropy String",
        "filename": "pnpm-lock.yaml",
        "hashed_secret": "c019d56d97b9190aacd9cb4a3e79938f645f9b6d",
        "is_verified": false,
        "line_number": 201
      },
      {
        "type": "Base64 High Entropy String",
        "filename": "pnpm-lock.yaml",
        "hashed_secret": "3f279d8e591feb2786979e362fdc36eaea23b271",
        "is_verified": false,
        "line_number": 210
      },
      {
        "type": "Base64 High Entropy String",
        "filename": "pnpm-lock.yaml",
        "hashed_secret": "bab7d8a9094729ac041aaf8cf7f0636329df5949",
        "is_verified": false,
        "line_number": 219
      },
      {
        "type": "Base64 High Entropy String",
        "filename": "pnpm-lock.yaml",
        "hashed_secret": "421c3ae72bc17452fc5b137182d66aa6b1d7eca2",
        "is_verified": false,
        "line_number": 228
      },
      {
        "type": "Base64 High Entropy String",
        "filename": "pnpm-lock.yaml",
        "hashed_secret": "153244766f71db00f7feaf1c7ca6a7c01571360f",
        "is_verified": false,
        "line_number": 237
      },
      {
        "type": "Base64 High Entropy String",
        "filename": "pnpm-lock.yaml",
        "hashed_secret": "37c10a0a2a5ca027c01d01dc887ea37e75c36094",
        "is_verified": false,
        "line_number": 246
      },
      {
        "type": "Base64 High Entropy String",
        "filename": "pnpm-lock.yaml",
        "hashed_secret": "6eac31bd97ee5f271b8b85a9b439c1f0d937a343",
        "is_verified": false,
        "line_number": 255
      },
      {
        "type": "Base64 High Entropy String",
        "filename": "pnpm-lock.yaml",
        "hashed_secret": "1d4da0a507557b460e423ccf1b8891cf7e8aa127",
        "is_verified": false,
        "line_number": 264
      },
      {
        "type": "Base64 High Entropy String",
        "filename": "pnpm-lock.yaml",
        "hashed_secret": "bc1c9bd4d49eb52a569c2de0af8ea5f7357a370c",
        "is_verified": false,
        "line_number": 273
      },
      {
        "type": "Base64 High Entropy String",
        "filename": "pnpm-lock.yaml",
        "hashed_secret": "992146a06be5632e11ecdfb10f59a42f78048f88",
        "is_verified": false,
        "line_number": 282
      },
      {
        "type": "Base64 High Entropy String",
        "filename": "pnpm-lock.yaml",
        "hashed_secret": "c3c678a0ad569fbf304a46f0ae9d7c44bbc1f27a",
        "is_verified": false,
        "line_number": 291
      },
      {
        "type": "Base64 High Entropy String",
        "filename": "pnpm-lock.yaml",
        "hashed_secret": "af08f502291a4a1303d4e7a4433e9b01716ad17e",
        "is_verified": false,
        "line_number": 300
      },
      {
        "type": "Base64 High Entropy String",
        "filename": "pnpm-lock.yaml",
        "hashed_secret": "74a8063e6479c24086d0454f461a043a93142d15",
        "is_verified": false,
        "line_number": 309
      },
      {
        "type": "Base64 High Entropy String",
        "filename": "pnpm-lock.yaml",
        "hashed_secret": "cb04a3b883cd3c8638d90f9ecb2ce3a840396dd6",
        "is_verified": false,
        "line_number": 318
      },
      {
        "type": "Base64 High Entropy String",
        "filename": "pnpm-lock.yaml",
        "hashed_secret": "e0d9d709f86a9cf7ae4341077a91baed063fd1a2",
        "is_verified": false,
        "line_number": 327
      },
      {
        "type": "Base64 High Entropy String",
        "filename": "pnpm-lock.yaml",
        "hashed_secret": "7176f7c266b0a9dba359468d518c3c95d276bd9e",
        "is_verified": false,
        "line_number": 336
      },
      {
        "type": "Base64 High Entropy String",
        "filename": "pnpm-lock.yaml",
        "hashed_secret": "9269d5f498075a79a563474bdf69782f9549e625",
        "is_verified": false,
        "line_number": 345
      },
      {
        "type": "Base64 High Entropy String",
        "filename": "pnpm-lock.yaml",
        "hashed_secret": "272ae88908d9483434c4d9ae0916c37a4529dce3",
        "is_verified": false,
        "line_number": 354
      },
      {
        "type": "Base64 High Entropy String",
        "filename": "pnpm-lock.yaml",
        "hashed_secret": "b4dc95389ab006055dbf68326adaa9a53081be65",
        "is_verified": false,
        "line_number": 363
      },
      {
        "type": "Base64 High Entropy String",
        "filename": "pnpm-lock.yaml",
        "hashed_secret": "785e5071206b388e0cba8784e615a67e4a5f5828",
        "is_verified": false,
        "line_number": 372
      },
      {
        "type": "Base64 High Entropy String",
        "filename": "pnpm-lock.yaml",
        "hashed_secret": "d3405ba928268e4228a3dccdc89600d0a896c339",
        "is_verified": false,
        "line_number": 381
      },
      {
        "type": "Base64 High Entropy String",
        "filename": "pnpm-lock.yaml",
        "hashed_secret": "e65a787f1ed5d324d688674c0bec3413a03554fd",
        "is_verified": false,
        "line_number": 388
      },
      {
        "type": "Base64 High Entropy String",
        "filename": "pnpm-lock.yaml",
        "hashed_secret": "928feb1b2bea8361dbcce924d72a1124d6f0e2b3",
        "is_verified": false,
        "line_number": 395
      },
      {
        "type": "Base64 High Entropy String",
        "filename": "pnpm-lock.yaml",
        "hashed_secret": "c7cbb342883985169b335ac4e2023d2834266f95",
        "is_verified": false,
        "line_number": 402
      },
      {
        "type": "Base64 High Entropy String",
        "filename": "pnpm-lock.yaml",
        "hashed_secret": "055010a6a4f8cf57ee7c3e18c6562bc41e9b22fb",
        "is_verified": false,
        "line_number": 409
      },
      {
        "type": "Base64 High Entropy String",
        "filename": "pnpm-lock.yaml",
        "hashed_secret": "2198b20650b2f1cbb8ab08e26234bbb5176b7746",
        "is_verified": false,
        "line_number": 416
      },
      {
        "type": "Base64 High Entropy String",
        "filename": "pnpm-lock.yaml",
        "hashed_secret": "0cdcfb21bfb1bf4ecb8552f8c353c88e68a4e6bd",
        "is_verified": false,
        "line_number": 423
      },
      {
        "type": "Base64 High Entropy String",
        "filename": "pnpm-lock.yaml",
        "hashed_secret": "938e1664eafa2ffe5ef25635c1ee5aa279ddc9f7",
        "is_verified": false,
        "line_number": 430
      },
      {
        "type": "Base64 High Entropy String",
        "filename": "pnpm-lock.yaml",
        "hashed_secret": "480e746b8279a6fb10e1f99654332b595e81ef58",
        "is_verified": false,
        "line_number": 437
      },
      {
        "type": "Base64 High Entropy String",
        "filename": "pnpm-lock.yaml",
        "hashed_secret": "a12c33144808266e4f61583195ce37e7013210da",
        "is_verified": false,
        "line_number": 444
      },
      {
        "type": "Base64 High Entropy String",
        "filename": "pnpm-lock.yaml",
        "hashed_secret": "d2162ede46b32d726584142e374458026c95c209",
        "is_verified": false,
        "line_number": 451
      },
      {
        "type": "Base64 High Entropy String",
        "filename": "pnpm-lock.yaml",
        "hashed_secret": "7252305e0579e7dd1ebf234edb891484f3ac7a71",
        "is_verified": false,
        "line_number": 458
      },
      {
        "type": "Base64 High Entropy String",
        "filename": "pnpm-lock.yaml",
        "hashed_secret": "9d1b9dbec9f048e048f4dd38591947ca7deff5dd",
        "is_verified": false,
        "line_number": 465
      },
      {
        "type": "Base64 High Entropy String",
        "filename": "pnpm-lock.yaml",
        "hashed_secret": "f60c00cacddf514ad090fbde7005d8721adc0b89",
        "is_verified": false,
        "line_number": 472
      },
      {
        "type": "Base64 High Entropy String",
        "filename": "pnpm-lock.yaml",
        "hashed_secret": "b0e9cbf320ebe74507bcdaae3f0b40740459a092",
        "is_verified": false,
        "line_number": 478
      },
      {
        "type": "Base64 High Entropy String",
        "filename": "pnpm-lock.yaml",
        "hashed_secret": "f15284b79c9bf96ceee9823e5d847b3cb4ee1d94",
        "is_verified": false,
        "line_number": 484
      },
      {
        "type": "Base64 High Entropy String",
        "filename": "pnpm-lock.yaml",
        "hashed_secret": "0c389b15ae6e0c8d0bb1355bb3a83ed3134d3d87",
        "is_verified": false,
        "line_number": 490
      },
      {
        "type": "Base64 High Entropy String",
        "filename": "pnpm-lock.yaml",
        "hashed_secret": "bcb82578fa8e86968c7019febdeab3965c19ff41",
        "is_verified": false,
        "line_number": 497
      },
      {
        "type": "Base64 High Entropy String",
        "filename": "pnpm-lock.yaml",
        "hashed_secret": "7fc564381f20b5ededd189a8acfc592e32b5b062",
        "is_verified": false,
        "line_number": 503
      },
      {
        "type": "Base64 High Entropy String",
        "filename": "pnpm-lock.yaml",
        "hashed_secret": "bf98441d2f56b67bc60b89be1aeaf08eb9711a44",
        "is_verified": false,
        "line_number": 511
      },
      {
        "type": "Base64 High Entropy String",
        "filename": "pnpm-lock.yaml",
        "hashed_secret": "65eff29c96160fd82114aa8605264fd8cf9b9fa0",
        "is_verified": false,
        "line_number": 519
      },
      {
        "type": "Base64 High Entropy String",
        "filename": "pnpm-lock.yaml",
        "hashed_secret": "0dbad6d974f2f5c1bca97c301714e63b29c02197",
        "is_verified": false,
        "line_number": 527
      },
      {
        "type": "Base64 High Entropy String",
        "filename": "pnpm-lock.yaml",
        "hashed_secret": "b5310b6fcb78fe42c7f5c5b2dc568e492ae6e76a",
        "is_verified": false,
        "line_number": 535
      },
      {
        "type": "Base64 High Entropy String",
        "filename": "pnpm-lock.yaml",
        "hashed_secret": "3fb5a35331fbf72558a5733033d2fb17f7918706",
        "is_verified": false,
        "line_number": 543
      },
      {
        "type": "Base64 High Entropy String",
        "filename": "pnpm-lock.yaml",
        "hashed_secret": "4a76433b17be4b7d6b8c6f27296f05c297160423",
        "is_verified": false,
        "line_number": 551
      },
      {
        "type": "Base64 High Entropy String",
        "filename": "pnpm-lock.yaml",
        "hashed_secret": "a094db06e6fd39fd5e6e80ba9013254f31d27f92",
        "is_verified": false,
        "line_number": 559
      },
      {
        "type": "Base64 High Entropy String",
        "filename": "pnpm-lock.yaml",
        "hashed_secret": "22ea3c9a6fc9c615f3c9c457123dbc9e6a886b55",
        "is_verified": false,
        "line_number": 567
      },
      {
        "type": "Base64 High Entropy String",
        "filename": "pnpm-lock.yaml",
        "hashed_secret": "00be9ce31822ae37501ad6bb8cf87b67eee06c15",
        "is_verified": false,
        "line_number": 575
      },
      {
        "type": "Base64 High Entropy String",
        "filename": "pnpm-lock.yaml",
        "hashed_secret": "e0fd5c13af3b84e85bb3e9ceed2f93c094a47684",
        "is_verified": false,
        "line_number": 583
      },
      {
        "type": "Base64 High Entropy String",
        "filename": "pnpm-lock.yaml",
        "hashed_secret": "7d7e02c39ece56c4e5114c5fcb6c5184fd989ac9",
        "is_verified": false,
        "line_number": 591
      },
      {
        "type": "Base64 High Entropy String",
        "filename": "pnpm-lock.yaml",
        "hashed_secret": "1ca2d90b5aa46e51606370af541f6c7b12acfde3",
        "is_verified": false,
        "line_number": 599
      },
      {
        "type": "Base64 High Entropy String",
        "filename": "pnpm-lock.yaml",
        "hashed_secret": "73074c62db52eeac1500c530a371e20f23572e7a",
        "is_verified": false,
        "line_number": 607
      },
      {
        "type": "Base64 High Entropy String",
        "filename": "pnpm-lock.yaml",
        "hashed_secret": "c7b8e091d20e8aa55abb0da2703fafebfa892bf1",
        "is_verified": false,
        "line_number": 615
      },
      {
        "type": "Base64 High Entropy String",
        "filename": "pnpm-lock.yaml",
        "hashed_secret": "15066991793c8d4377188b7366572f790aad6cb6",
        "is_verified": false,
        "line_number": 623
      },
      {
        "type": "Base64 High Entropy String",
        "filename": "pnpm-lock.yaml",
        "hashed_secret": "b0fc977d7b507b3df2f88ddbdd4a67018d0940b9",
        "is_verified": false,
        "line_number": 631
      },
      {
        "type": "Base64 High Entropy String",
        "filename": "pnpm-lock.yaml",
        "hashed_secret": "26fcb40340604af32d93c998254b9a1c74192607",
        "is_verified": false,
        "line_number": 639
      },
      {
        "type": "Base64 High Entropy String",
        "filename": "pnpm-lock.yaml",
        "hashed_secret": "893b4210ce5ab4e5f3462371bdc6a9b7bca6a249",
        "is_verified": false,
        "line_number": 647
      },
      {
        "type": "Base64 High Entropy String",
        "filename": "pnpm-lock.yaml",
        "hashed_secret": "bce782f82ad100af25a727a1242b35144d389341",
        "is_verified": false,
        "line_number": 655
      },
      {
        "type": "Base64 High Entropy String",
        "filename": "pnpm-lock.yaml",
        "hashed_secret": "edac722b6ace0b1431afc8b42fa86f4fe308a67d",
        "is_verified": false,
        "line_number": 663
      },
      {
        "type": "Base64 High Entropy String",
        "filename": "pnpm-lock.yaml",
        "hashed_secret": "67c471cc326cfd79621e6d61d52f78874046c65b",
        "is_verified": false,
        "line_number": 671
      },
      {
        "type": "Base64 High Entropy String",
        "filename": "pnpm-lock.yaml",
        "hashed_secret": "eb9df6538f192eaf2078f19a92907c27e22a5d01",
        "is_verified": false,
        "line_number": 679
      },
      {
        "type": "Base64 High Entropy String",
        "filename": "pnpm-lock.yaml",
        "hashed_secret": "a36278b6d71972e9564e5a7daf57d05b285e7925",
        "is_verified": false,
        "line_number": 685
      },
      {
        "type": "Base64 High Entropy String",
        "filename": "pnpm-lock.yaml",
        "hashed_secret": "ba30f8e69becfae4d1a68718ce9041635ead0621",
        "is_verified": false,
        "line_number": 691
      },
      {
        "type": "Base64 High Entropy String",
        "filename": "pnpm-lock.yaml",
        "hashed_secret": "7b8c43bb6daedbf890a8bc0c4cdf15d3d5f7b459",
        "is_verified": false,
        "line_number": 697
      },
      {
        "type": "Base64 High Entropy String",
        "filename": "pnpm-lock.yaml",
        "hashed_secret": "623393e760cf1c529b809ba263cfeeac7efde19a",
        "is_verified": false,
        "line_number": 703
      },
      {
        "type": "Base64 High Entropy String",
        "filename": "pnpm-lock.yaml",
        "hashed_secret": "7739c7a36e8b5c9759887d54c3d3a252d017cb71",
        "is_verified": false,
        "line_number": 709
      },
      {
        "type": "Base64 High Entropy String",
        "filename": "pnpm-lock.yaml",
        "hashed_secret": "d4dda0583372eb865e22ea00ae160ceb315aa0df",
        "is_verified": false,
        "line_number": 715
      },
      {
        "type": "Base64 High Entropy String",
        "filename": "pnpm-lock.yaml",
        "hashed_secret": "904dae7e3147870781ad476afdbc281061d76e62",
        "is_verified": false,
        "line_number": 721
      },
      {
        "type": "Base64 High Entropy String",
        "filename": "pnpm-lock.yaml",
        "hashed_secret": "545a34d82a69ee367dc06267bd30705fc686e387",
        "is_verified": false,
        "line_number": 727
      },
      {
        "type": "Base64 High Entropy String",
        "filename": "pnpm-lock.yaml",
        "hashed_secret": "af5c8bcdfab7bb1a7838c94b11c86abe3dc98ec4",
        "is_verified": false,
        "line_number": 733
      },
      {
        "type": "Base64 High Entropy String",
        "filename": "pnpm-lock.yaml",
        "hashed_secret": "3ea06fea91621b5bc66807ad052fbc9e2207d1e4",
        "is_verified": false,
        "line_number": 739
      },
      {
        "type": "Base64 High Entropy String",
        "filename": "pnpm-lock.yaml",
        "hashed_secret": "a25ad60eafcc7b4a33fb542db08d00b4456912f8",
        "is_verified": false,
        "line_number": 750
      },
      {
        "type": "Base64 High Entropy String",
        "filename": "pnpm-lock.yaml",
        "hashed_secret": "17274e60720536a20a89cdc12f9dd9853ec5b9c6",
        "is_verified": false,
        "line_number": 760
      },
      {
        "type": "Base64 High Entropy String",
        "filename": "pnpm-lock.yaml",
        "hashed_secret": "38cb7852b031eb3a646c4be315c00f0772edf17e",
        "is_verified": false,
        "line_number": 769
      },
      {
        "type": "Base64 High Entropy String",
        "filename": "pnpm-lock.yaml",
        "hashed_secret": "8ed0b3bfd78f809a47242d7aa63386d11ff1aac2",
        "is_verified": false,
        "line_number": 776
      },
      {
        "type": "Base64 High Entropy String",
        "filename": "pnpm-lock.yaml",
        "hashed_secret": "246d8aaa521cfebde72cd3058ce92da10529f0d1",
        "is_verified": false,
        "line_number": 785
      },
      {
        "type": "Base64 High Entropy String",
        "filename": "pnpm-lock.yaml",
        "hashed_secret": "4e0f4f27aea049217e2273df383b9133f9e5cd7f",
        "is_verified": false,
        "line_number": 795
      },
      {
        "type": "Base64 High Entropy String",
        "filename": "pnpm-lock.yaml",
        "hashed_secret": "d26f59578dafb7a6a39c89019cfff84653a0dd92",
        "is_verified": false,
        "line_number": 802
      },
      {
        "type": "Base64 High Entropy String",
        "filename": "pnpm-lock.yaml",
        "hashed_secret": "6ef8a9fc367aa256c394b9969b7a698211f80824",
        "is_verified": false,
        "line_number": 811
      },
      {
        "type": "Base64 High Entropy String",
        "filename": "pnpm-lock.yaml",
        "hashed_secret": "78ec2c9c27ebe2519c0cfb773da5465877250757",
        "is_verified": false,
        "line_number": 821
      },
      {
        "type": "Base64 High Entropy String",
        "filename": "pnpm-lock.yaml",
        "hashed_secret": "04e2c415e4f60add3228f988ce959a91179c7d8e",
        "is_verified": false,
        "line_number": 828
      },
      {
        "type": "Base64 High Entropy String",
        "filename": "pnpm-lock.yaml",
        "hashed_secret": "0c44817b1ad19b85c4284ac2d3e1169d2ba06105",
        "is_verified": false,
        "line_number": 840
      },
      {
        "type": "Base64 High Entropy String",
        "filename": "pnpm-lock.yaml",
        "hashed_secret": "95db1f586b17e0a9bc449e0acc1ee0bf359cfc36",
        "is_verified": false,
        "line_number": 846
      },
      {
        "type": "Base64 High Entropy String",
        "filename": "pnpm-lock.yaml",
        "hashed_secret": "ad731207536758041cffeae4441aada716b61d04",
        "is_verified": false,
        "line_number": 860
      },
      {
        "type": "Base64 High Entropy String",
        "filename": "pnpm-lock.yaml",
        "hashed_secret": "e775a0a27edcada415eca9d665c0a9cd25cbb8bb",
        "is_verified": false,
        "line_number": 866
      },
      {
        "type": "Base64 High Entropy String",
        "filename": "pnpm-lock.yaml",
        "hashed_secret": "4266314365dc9bb35892994bbb0abd8b6ad03c4c",
        "is_verified": false,
        "line_number": 872
      },
      {
        "type": "Base64 High Entropy String",
        "filename": "pnpm-lock.yaml",
        "hashed_secret": "fef4ca9d2103df6dca3030871638931925ef6b20",
        "is_verified": false,
        "line_number": 878
      },
      {
        "type": "Base64 High Entropy String",
        "filename": "pnpm-lock.yaml",
        "hashed_secret": "0cf6894eecd4b20001db126b4b77a9a03e2a92a0",
        "is_verified": false,
        "line_number": 884
      },
      {
        "type": "Base64 High Entropy String",
        "filename": "pnpm-lock.yaml",
        "hashed_secret": "5c33ec1798fdcde3ac382623fee212f03c3993f9",
        "is_verified": false,
        "line_number": 892
      },
      {
        "type": "Base64 High Entropy String",
        "filename": "pnpm-lock.yaml",
        "hashed_secret": "2f582518a7d025e7efbc4ef2cf8cc5cf9487b200",
        "is_verified": false,
        "line_number": 898
      },
      {
        "type": "Base64 High Entropy String",
        "filename": "pnpm-lock.yaml",
        "hashed_secret": "370829deda225e5ee4d20ceb29b18c020c457932",
        "is_verified": false,
        "line_number": 906
      },
      {
        "type": "Base64 High Entropy String",
        "filename": "pnpm-lock.yaml",
        "hashed_secret": "30dff6e111c0a18b53cc71da853bac87f73a816c",
        "is_verified": false,
        "line_number": 913
      },
      {
        "type": "Base64 High Entropy String",
        "filename": "pnpm-lock.yaml",
        "hashed_secret": "0c7f66893fe508baed443a4aad6003315428df3b",
        "is_verified": false,
        "line_number": 921
      },
      {
        "type": "Base64 High Entropy String",
        "filename": "pnpm-lock.yaml",
        "hashed_secret": "d15b82853a984c45aab87399878c98082bac85ba",
        "is_verified": false,
        "line_number": 927
      },
      {
        "type": "Base64 High Entropy String",
        "filename": "pnpm-lock.yaml",
        "hashed_secret": "8e813f242a94030aa828534fc28df6fafdefe7fc",
        "is_verified": false,
        "line_number": 934
      },
      {
        "type": "Base64 High Entropy String",
        "filename": "pnpm-lock.yaml",
        "hashed_secret": "22bd0abeadedbe4ac89a1415cff3788f50a4dc48",
        "is_verified": false,
        "line_number": 940
      },
      {
        "type": "Base64 High Entropy String",
        "filename": "pnpm-lock.yaml",
        "hashed_secret": "1c504c77e2b9f1ea0e1770e65673fd7f8b3f4c8f",
        "is_verified": false,
        "line_number": 946
      },
      {
        "type": "Base64 High Entropy String",
        "filename": "pnpm-lock.yaml",
        "hashed_secret": "9d223f78337a407533b2aeddd99165546c1da0ce",
        "is_verified": false,
        "line_number": 953
      },
      {
        "type": "Base64 High Entropy String",
        "filename": "pnpm-lock.yaml",
        "hashed_secret": "9e70d0ec3f9258f9b95ed3b8012797f799a74582",
        "is_verified": false,
        "line_number": 959
      },
      {
        "type": "Base64 High Entropy String",
        "filename": "pnpm-lock.yaml",
        "hashed_secret": "e7bfa4e0f219bea70dcd1de5ad582c3d9df0c35a",
        "is_verified": false,
        "line_number": 980
      },
      {
        "type": "Base64 High Entropy String",
        "filename": "pnpm-lock.yaml",
        "hashed_secret": "5b7cd7946ca5e56496386ea38016606310bfcf03",
        "is_verified": false,
        "line_number": 988
      },
      {
        "type": "Base64 High Entropy String",
        "filename": "pnpm-lock.yaml",
        "hashed_secret": "f83c0e1722151b136004f1e67d507feb727e52f6",
        "is_verified": false,
        "line_number": 994
      },
      {
        "type": "Base64 High Entropy String",
        "filename": "pnpm-lock.yaml",
        "hashed_secret": "301ec28c85c9d136ed8b90c2defb08d2d1dc6dc0",
        "is_verified": false,
        "line_number": 1000
      },
      {
        "type": "Base64 High Entropy String",
        "filename": "pnpm-lock.yaml",
        "hashed_secret": "7e0c8e7bebd3b26c7a99961ec3498c0448dcb08d",
        "is_verified": false,
        "line_number": 1006
      },
      {
        "type": "Base64 High Entropy String",
        "filename": "pnpm-lock.yaml",
        "hashed_secret": "8c13fb07d8df8abd643f638ad3fc6193fa03e7c9",
        "is_verified": false,
        "line_number": 1013
      },
      {
        "type": "Base64 High Entropy String",
        "filename": "pnpm-lock.yaml",
        "hashed_secret": "5e5e944819f9ed1defbf3b9cf387214fb2f04d61",
        "is_verified": false,
        "line_number": 1020
      },
      {
        "type": "Base64 High Entropy String",
        "filename": "pnpm-lock.yaml",
        "hashed_secret": "4ed49acfbd180533265d2099f3043963c4a24443",
        "is_verified": false,
        "line_number": 1027
      },
      {
        "type": "Base64 High Entropy String",
        "filename": "pnpm-lock.yaml",
        "hashed_secret": "428e72f71455a785963f1df5f85c26c6d6ae519b",
        "is_verified": false,
        "line_number": 1034
      },
      {
        "type": "Base64 High Entropy String",
        "filename": "pnpm-lock.yaml",
        "hashed_secret": "98da97093cff2b0693b2f8ccc5b7e74758ae9f3e",
        "is_verified": false,
        "line_number": 1040
      },
      {
        "type": "Base64 High Entropy String",
        "filename": "pnpm-lock.yaml",
        "hashed_secret": "efd99048fe6ad3be7eecd420725db5515fa847d4",
        "is_verified": false,
        "line_number": 1046
      },
      {
        "type": "Base64 High Entropy String",
        "filename": "pnpm-lock.yaml",
        "hashed_secret": "b8a0215d626bc3960dbf9a778e6b73ed1e0f1239",
        "is_verified": false,
        "line_number": 1052
      },
      {
        "type": "Base64 High Entropy String",
        "filename": "pnpm-lock.yaml",
        "hashed_secret": "862951cd71d0412b5e52bae3e952725486a655b0",
        "is_verified": false,
        "line_number": 1058
      },
      {
        "type": "Base64 High Entropy String",
        "filename": "pnpm-lock.yaml",
        "hashed_secret": "d45062677e99f28b9a98f4b53e9af8f56b01bb10",
        "is_verified": false,
        "line_number": 1065
      },
      {
        "type": "Base64 High Entropy String",
        "filename": "pnpm-lock.yaml",
        "hashed_secret": "b0f6a9f09dd8a0ebc50e6d4a7a81e126cd64ac6a",
        "is_verified": false,
        "line_number": 1077
      },
      {
        "type": "Base64 High Entropy String",
        "filename": "pnpm-lock.yaml",
        "hashed_secret": "52346f6585c029390846cae2f153417bca403c17",
        "is_verified": false,
        "line_number": 1083
      },
      {
        "type": "Base64 High Entropy String",
        "filename": "pnpm-lock.yaml",
        "hashed_secret": "d076e5a9f2245bcedf234f70abb7fa41d4d9f0dc",
        "is_verified": false,
        "line_number": 1090
      },
      {
        "type": "Base64 High Entropy String",
        "filename": "pnpm-lock.yaml",
        "hashed_secret": "3a9cfe8c825fa2590e30f07c9ee53016c17491bf",
        "is_verified": false,
        "line_number": 1096
      },
      {
        "type": "Base64 High Entropy String",
        "filename": "pnpm-lock.yaml",
        "hashed_secret": "6c88ecf20f9dc070ee18f0cf59f58b0025f6ec55",
        "is_verified": false,
        "line_number": 1104
      },
      {
        "type": "Base64 High Entropy String",
        "filename": "pnpm-lock.yaml",
        "hashed_secret": "f4e833281d75db65a01c4eb0e1c500917cf05886",
        "is_verified": false,
        "line_number": 1111
      },
      {
        "type": "Base64 High Entropy String",
        "filename": "pnpm-lock.yaml",
        "hashed_secret": "a15181ed229c59a2ab1604b27574f841764159a2",
        "is_verified": false,
        "line_number": 1120
      },
      {
        "type": "Base64 High Entropy String",
        "filename": "pnpm-lock.yaml",
        "hashed_secret": "f356716cf94345569637c97e678030c8785cfbaa",
        "is_verified": false,
        "line_number": 1137
      },
      {
        "type": "Base64 High Entropy String",
        "filename": "pnpm-lock.yaml",
        "hashed_secret": "2a5c1a897332b7652d1daeb248e27b29123ca884",
        "is_verified": false,
        "line_number": 1144
      },
      {
        "type": "Base64 High Entropy String",
        "filename": "pnpm-lock.yaml",
        "hashed_secret": "7bf692c49036f6e8ac29f859913d8b5ad4ed34bb",
        "is_verified": false,
        "line_number": 1151
      },
      {
        "type": "Base64 High Entropy String",
        "filename": "pnpm-lock.yaml",
        "hashed_secret": "42eff9f6a0b53a661f9b400d752ee94122774052",
        "is_verified": false,
        "line_number": 1158
      },
      {
        "type": "Base64 High Entropy String",
        "filename": "pnpm-lock.yaml",
        "hashed_secret": "40d5009f0315cf3dab4a4d129f8e556b6838d879",
        "is_verified": false,
        "line_number": 1171
      },
      {
        "type": "Base64 High Entropy String",
        "filename": "pnpm-lock.yaml",
        "hashed_secret": "dec5206f58aa7a9ae27aee17c254c2a8380af599",
        "is_verified": false,
        "line_number": 1178
      },
      {
        "type": "Base64 High Entropy String",
        "filename": "pnpm-lock.yaml",
        "hashed_secret": "51e9263c74493cd77c2d25adb255b15647d84512",
        "is_verified": false,
        "line_number": 1185
      },
      {
        "type": "Base64 High Entropy String",
        "filename": "pnpm-lock.yaml",
        "hashed_secret": "1790c1f42e3416e31561c46b258d2f69c1608c85",
        "is_verified": false,
        "line_number": 1192
      },
      {
        "type": "Base64 High Entropy String",
        "filename": "pnpm-lock.yaml",
        "hashed_secret": "763f4272f5426f2cb52dd90f1f6a490a4ce61418",
        "is_verified": false,
        "line_number": 1199
      },
      {
        "type": "Base64 High Entropy String",
        "filename": "pnpm-lock.yaml",
        "hashed_secret": "2fcbf434b04ba0a49ae29f1d9ea0edc30881350b",
        "is_verified": false,
        "line_number": 1205
      },
      {
        "type": "Base64 High Entropy String",
        "filename": "pnpm-lock.yaml",
        "hashed_secret": "16d0c877fca994fd1c43bd7f131be967bf4f87b6",
        "is_verified": false,
        "line_number": 1212
      },
      {
        "type": "Base64 High Entropy String",
        "filename": "pnpm-lock.yaml",
        "hashed_secret": "c0f64a532897bbd5497996fdfec7cfcd087540ce",
        "is_verified": false,
        "line_number": 1219
      },
      {
        "type": "Base64 High Entropy String",
        "filename": "pnpm-lock.yaml",
        "hashed_secret": "5112b43ee9ebd4cc5f505a8cd35d1e53f691f19d",
        "is_verified": false,
        "line_number": 1225
      },
      {
        "type": "Base64 High Entropy String",
        "filename": "pnpm-lock.yaml",
        "hashed_secret": "fea0d9c5b0c53c41e6a0a961a49cccc170847120",
        "is_verified": false,
        "line_number": 1231
      },
      {
        "type": "Base64 High Entropy String",
        "filename": "pnpm-lock.yaml",
        "hashed_secret": "283a181bd9971789ceaee59c32a0f93e31a7a2a8",
        "is_verified": false,
        "line_number": 1237
      },
      {
        "type": "Base64 High Entropy String",
        "filename": "pnpm-lock.yaml",
        "hashed_secret": "16fa3bfaeef78e32910c87baf9060e51490d09ad",
        "is_verified": false,
        "line_number": 1243
      },
      {
        "type": "Base64 High Entropy String",
        "filename": "pnpm-lock.yaml",
        "hashed_secret": "76ecd72b3dad674722024145ada2c3d7763456e3",
        "is_verified": false,
        "line_number": 1255
      },
      {
        "type": "Base64 High Entropy String",
        "filename": "pnpm-lock.yaml",
        "hashed_secret": "c5b9224d6550ddd6a9d3e700fd0a58360b11ca0d",
        "is_verified": false,
        "line_number": 1261
      },
      {
        "type": "Base64 High Entropy String",
        "filename": "pnpm-lock.yaml",
        "hashed_secret": "3594781b38f5d70bb1b747317347cf06b2a0cc01",
        "is_verified": false,
        "line_number": 1268
      },
      {
        "type": "Base64 High Entropy String",
        "filename": "pnpm-lock.yaml",
        "hashed_secret": "76332214739a4c7dd7c65873aa473b0b918d47e4",
        "is_verified": false,
        "line_number": 1275
      },
      {
        "type": "Base64 High Entropy String",
        "filename": "pnpm-lock.yaml",
        "hashed_secret": "935965ba7f384931bf702cbcecb35d13aadfa81a",
        "is_verified": false,
        "line_number": 1282
      },
      {
        "type": "Base64 High Entropy String",
        "filename": "pnpm-lock.yaml",
        "hashed_secret": "9c422f6dfca5f8acb3d3923f7aed45865b8e1168",
        "is_verified": false,
        "line_number": 1288
      },
      {
        "type": "Base64 High Entropy String",
        "filename": "pnpm-lock.yaml",
        "hashed_secret": "d950cd8ef510429f57fb282e4a437321ca86158c",
        "is_verified": false,
        "line_number": 1296
      },
      {
        "type": "Base64 High Entropy String",
        "filename": "pnpm-lock.yaml",
        "hashed_secret": "89345a033a4ecac54d56210d7fb9533fddc58490",
        "is_verified": false,
        "line_number": 1304
      },
      {
        "type": "Base64 High Entropy String",
        "filename": "pnpm-lock.yaml",
        "hashed_secret": "043f592ee4062fbb234261a5cb68546115ae8485",
        "is_verified": false,
        "line_number": 1311
      },
      {
        "type": "Base64 High Entropy String",
        "filename": "pnpm-lock.yaml",
        "hashed_secret": "0c418bcf0c31106698f3efe23fb18bdd5f9c9612",
        "is_verified": false,
        "line_number": 1318
      },
      {
        "type": "Base64 High Entropy String",
        "filename": "pnpm-lock.yaml",
        "hashed_secret": "f71df02c4e0a94ca1e2fdf91420a5279930d3e34",
        "is_verified": false,
        "line_number": 1325
      },
      {
        "type": "Base64 High Entropy String",
        "filename": "pnpm-lock.yaml",
        "hashed_secret": "086b47ff4b09d5daf48fc11a12842df114051a64",
        "is_verified": false,
        "line_number": 1331
      },
      {
        "type": "Base64 High Entropy String",
        "filename": "pnpm-lock.yaml",
        "hashed_secret": "bbc5944e53f4bc00cb7c83d4ffdf2f3e477e2ee5",
        "is_verified": false,
        "line_number": 1338
      },
      {
        "type": "Base64 High Entropy String",
        "filename": "pnpm-lock.yaml",
        "hashed_secret": "c6ee5cc9425c6e106fad752bf1f79925d0f8d332",
        "is_verified": false,
        "line_number": 1344
      },
      {
        "type": "Base64 High Entropy String",
        "filename": "pnpm-lock.yaml",
        "hashed_secret": "f09b00d00e74c891c9bbc0614a19d47015e616c1",
        "is_verified": false,
        "line_number": 1351
      },
      {
        "type": "Base64 High Entropy String",
        "filename": "pnpm-lock.yaml",
        "hashed_secret": "f1ac10cceb66eae06a957162ed1c39f18f017ee5",
        "is_verified": false,
        "line_number": 1358
      },
      {
        "type": "Base64 High Entropy String",
        "filename": "pnpm-lock.yaml",
        "hashed_secret": "e25be230742364f1ee60067a756da19dc7572126",
        "is_verified": false,
        "line_number": 1365
      },
      {
        "type": "Base64 High Entropy String",
        "filename": "pnpm-lock.yaml",
        "hashed_secret": "e9ce08fb0922eb7b6fd8078a79f948726b9b756e",
        "is_verified": false,
        "line_number": 1372
      },
      {
        "type": "Base64 High Entropy String",
        "filename": "pnpm-lock.yaml",
        "hashed_secret": "0168f03d6f1748d5d7ae624a93f711333b69d01c",
        "is_verified": false,
        "line_number": 1379
      },
      {
        "type": "Base64 High Entropy String",
        "filename": "pnpm-lock.yaml",
        "hashed_secret": "4e5e279b264f80f6302507f3bc02028118a5381f",
        "is_verified": false,
        "line_number": 1386
      },
      {
        "type": "Base64 High Entropy String",
        "filename": "pnpm-lock.yaml",
        "hashed_secret": "e53d61332d1bf1be17d33eb4955ecd7fbed6bf02",
        "is_verified": false,
        "line_number": 1392
      },
      {
        "type": "Base64 High Entropy String",
        "filename": "pnpm-lock.yaml",
        "hashed_secret": "4dfc67bc966e2494008a5f5e346fca119afccb91",
        "is_verified": false,
        "line_number": 1399
      },
      {
        "type": "Base64 High Entropy String",
        "filename": "pnpm-lock.yaml",
        "hashed_secret": "3bff8900ed11d9495504774a20bd23285d6e9978",
        "is_verified": false,
        "line_number": 1406
      },
      {
        "type": "Base64 High Entropy String",
        "filename": "pnpm-lock.yaml",
        "hashed_secret": "1633ee6a9a0c91bca3ca3691bc73488dab661b3a",
        "is_verified": false,
        "line_number": 1413
      },
      {
        "type": "Base64 High Entropy String",
        "filename": "pnpm-lock.yaml",
        "hashed_secret": "347211552fbc738f276a998116b5ef0f8750cb92",
        "is_verified": false,
        "line_number": 1420
      },
      {
        "type": "Base64 High Entropy String",
        "filename": "pnpm-lock.yaml",
        "hashed_secret": "1a9c505c27a3d51d07d5cd60f1cd51dccb1ce4e6",
        "is_verified": false,
        "line_number": 1427
      },
      {
        "type": "Base64 High Entropy String",
        "filename": "pnpm-lock.yaml",
        "hashed_secret": "8da770913ab3fed8950b46c40172eb6b57af7f9d",
        "is_verified": false,
        "line_number": 1433
      },
      {
        "type": "Base64 High Entropy String",
        "filename": "pnpm-lock.yaml",
        "hashed_secret": "32f166e925f96dafcba74b3787246df2a06a9e19",
        "is_verified": false,
        "line_number": 1440
      },
      {
        "type": "Base64 High Entropy String",
        "filename": "pnpm-lock.yaml",
        "hashed_secret": "127f92724797904fb4e6de2dfff2c71c07739612",
        "is_verified": false,
        "line_number": 1446
      },
      {
        "type": "Base64 High Entropy String",
        "filename": "pnpm-lock.yaml",
        "hashed_secret": "518c6e09c048b1b3cdbcc4ed47df84e0552aba4c",
        "is_verified": false,
        "line_number": 1452
      },
      {
        "type": "Base64 High Entropy String",
        "filename": "pnpm-lock.yaml",
        "hashed_secret": "4c565e2b5132b7df2d3126654bee51cf449f5d8f",
        "is_verified": false,
        "line_number": 1458
      },
      {
        "type": "Base64 High Entropy String",
        "filename": "pnpm-lock.yaml",
        "hashed_secret": "0ec89f07004a01dda54b29e48a86c84f8098fdb6",
        "is_verified": false,
        "line_number": 1464
      },
      {
        "type": "Base64 High Entropy String",
        "filename": "pnpm-lock.yaml",
        "hashed_secret": "1c386996454f57fad765143b1a1393b4fd15dceb",
        "is_verified": false,
        "line_number": 1471
      },
      {
        "type": "Base64 High Entropy String",
        "filename": "pnpm-lock.yaml",
        "hashed_secret": "f30db3965cfaf45c216038e7ce454d23be9c08b4",
        "is_verified": false,
        "line_number": 1478
      },
      {
        "type": "Base64 High Entropy String",
        "filename": "pnpm-lock.yaml",
        "hashed_secret": "1e2228f0d8e0fc2bc3b8740a8ff3d287006b9a38",
        "is_verified": false,
        "line_number": 1484
      },
      {
        "type": "Base64 High Entropy String",
        "filename": "pnpm-lock.yaml",
        "hashed_secret": "2322581b04b54724deac3027c0dd906f9893dd34",
        "is_verified": false,
        "line_number": 1490
      },
      {
        "type": "Base64 High Entropy String",
        "filename": "pnpm-lock.yaml",
        "hashed_secret": "bed2be7dcefaad482d5b1215bb9c485bc1904f76",
        "is_verified": false,
        "line_number": 1496
      },
      {
        "type": "Base64 High Entropy String",
        "filename": "pnpm-lock.yaml",
        "hashed_secret": "cd662b440448baab7e093547626080b663ad57c5",
        "is_verified": false,
        "line_number": 1503
      },
      {
        "type": "Base64 High Entropy String",
        "filename": "pnpm-lock.yaml",
        "hashed_secret": "b701486290777985572bdf83321be59eee7cd0c6",
        "is_verified": false,
        "line_number": 1509
      },
      {
        "type": "Base64 High Entropy String",
        "filename": "pnpm-lock.yaml",
        "hashed_secret": "b230837c24f19045e3d6c0eb0413db8650788a23",
        "is_verified": false,
        "line_number": 1515
      },
      {
        "type": "Base64 High Entropy String",
        "filename": "pnpm-lock.yaml",
        "hashed_secret": "aa2add0e083112de14c80fd8d81ec606de67ee43",
        "is_verified": false,
        "line_number": 1522
      },
      {
        "type": "Base64 High Entropy String",
        "filename": "pnpm-lock.yaml",
        "hashed_secret": "805d9656080308c11cde7cb7f0310e12c7e60c48",
        "is_verified": false,
        "line_number": 1529
      },
      {
        "type": "Base64 High Entropy String",
        "filename": "pnpm-lock.yaml",
        "hashed_secret": "ca13874532c9df50a570a36576667e2bbd4383bc",
        "is_verified": false,
        "line_number": 1535
      },
      {
        "type": "Base64 High Entropy String",
        "filename": "pnpm-lock.yaml",
        "hashed_secret": "508ffd78a7522f83c630d98474d58ccf406bd25e",
        "is_verified": false,
        "line_number": 1543
      },
      {
        "type": "Base64 High Entropy String",
        "filename": "pnpm-lock.yaml",
        "hashed_secret": "fd987a3583a86961bbb3db9e742c93a837cd5bf6",
        "is_verified": false,
        "line_number": 1549
      },
      {
        "type": "Base64 High Entropy String",
        "filename": "pnpm-lock.yaml",
        "hashed_secret": "b5a6f2a2101ff7f7af8d0c6c87c554acea27e0c9",
        "is_verified": false,
        "line_number": 1555
      },
      {
        "type": "Base64 High Entropy String",
        "filename": "pnpm-lock.yaml",
        "hashed_secret": "d69c03a6c481565a321e7b90776918eaad16e532",
        "is_verified": false,
        "line_number": 1562
      },
      {
        "type": "Base64 High Entropy String",
        "filename": "pnpm-lock.yaml",
        "hashed_secret": "316bf5ed09ed2d2511c54a3e60e047e26550c82c",
        "is_verified": false,
        "line_number": 1569
      },
      {
        "type": "Base64 High Entropy String",
        "filename": "pnpm-lock.yaml",
        "hashed_secret": "139323d71483de0860981200fb39673681ab2ef2",
        "is_verified": false,
        "line_number": 1576
      },
      {
        "type": "Base64 High Entropy String",
        "filename": "pnpm-lock.yaml",
        "hashed_secret": "533573708ed3eabce514432cd26d532218222659",
        "is_verified": false,
        "line_number": 1583
      },
      {
        "type": "Base64 High Entropy String",
        "filename": "pnpm-lock.yaml",
        "hashed_secret": "61ff5c8a702d8ffe28063c06487a3a5a0db2ed70",
        "is_verified": false,
        "line_number": 1590
      },
      {
        "type": "Base64 High Entropy String",
        "filename": "pnpm-lock.yaml",
        "hashed_secret": "9235bcf425e49c5749d9f52ed67b13717efda795",
        "is_verified": false,
        "line_number": 1597
      },
      {
        "type": "Base64 High Entropy String",
        "filename": "pnpm-lock.yaml",
        "hashed_secret": "4439cc784aca22e5cdf33ed6656f5b8b99eaa44d",
        "is_verified": false,
        "line_number": 1603
      },
      {
        "type": "Base64 High Entropy String",
        "filename": "pnpm-lock.yaml",
        "hashed_secret": "06477f13a769300ebac81ebe76739fb78432f564",
        "is_verified": false,
        "line_number": 1609
      },
      {
        "type": "Base64 High Entropy String",
        "filename": "pnpm-lock.yaml",
        "hashed_secret": "e4d0457c3771bd19a2db30ce4295cc025189392e",
        "is_verified": false,
        "line_number": 1616
      },
      {
        "type": "Base64 High Entropy String",
        "filename": "pnpm-lock.yaml",
        "hashed_secret": "740c72e48345f65f0deefba812581017bd57c614",
        "is_verified": false,
        "line_number": 1623
      },
      {
        "type": "Base64 High Entropy String",
        "filename": "pnpm-lock.yaml",
        "hashed_secret": "4a0a48c8725c1778eaef7ffcd9d14789a5b22263",
        "is_verified": false,
        "line_number": 1630
      },
      {
        "type": "Base64 High Entropy String",
        "filename": "pnpm-lock.yaml",
        "hashed_secret": "c4f27c63ee67900e949eaee072fa22a1342dac05",
        "is_verified": false,
        "line_number": 1637
      },
      {
        "type": "Base64 High Entropy String",
        "filename": "pnpm-lock.yaml",
        "hashed_secret": "706884687450108cef742ef7b12010f29167a501",
        "is_verified": false,
        "line_number": 1645
      },
      {
        "type": "Base64 High Entropy String",
        "filename": "pnpm-lock.yaml",
        "hashed_secret": "41135cd24fce09855f67710faed09efce38cd9fb",
        "is_verified": false,
        "line_number": 1652
      },
      {
        "type": "Base64 High Entropy String",
        "filename": "pnpm-lock.yaml",
        "hashed_secret": "da9b0e82ba5fe18fa65031f9af449ced35d6af1e",
        "is_verified": false,
        "line_number": 1659
      },
      {
        "type": "Base64 High Entropy String",
        "filename": "pnpm-lock.yaml",
        "hashed_secret": "34773e71019373ba971fa0265e3e52031b422881",
        "is_verified": false,
        "line_number": 1667
      },
      {
        "type": "Base64 High Entropy String",
        "filename": "pnpm-lock.yaml",
        "hashed_secret": "3b7990b0f82bc9bc6c4ec02744f9c02e76aac827",
        "is_verified": false,
        "line_number": 1675
      },
      {
        "type": "Base64 High Entropy String",
        "filename": "pnpm-lock.yaml",
        "hashed_secret": "9072ebcbad57a1ae4256c5ae37c1e7c7ae5325de",
        "is_verified": false,
        "line_number": 1682
      },
      {
        "type": "Base64 High Entropy String",
        "filename": "pnpm-lock.yaml",
        "hashed_secret": "33e224ae0061fa6dc855702e88cad5e948136009",
        "is_verified": false,
        "line_number": 1689
      },
      {
        "type": "Base64 High Entropy String",
        "filename": "pnpm-lock.yaml",
        "hashed_secret": "9209916909e5ac952f74625bba8de9998c89e832",
        "is_verified": false,
        "line_number": 1695
      },
      {
        "type": "Base64 High Entropy String",
        "filename": "pnpm-lock.yaml",
        "hashed_secret": "336d02c1e7195c5237197b5884304099ab15c6ba",
        "is_verified": false,
        "line_number": 1702
      },
      {
        "type": "Base64 High Entropy String",
        "filename": "pnpm-lock.yaml",
        "hashed_secret": "b015b77432bd6d255596af7b2f552d8e8c91a7f7",
        "is_verified": false,
        "line_number": 1709
      },
      {
        "type": "Base64 High Entropy String",
        "filename": "pnpm-lock.yaml",
        "hashed_secret": "32026694f097ae0956b46d081f53c72d129a0e9d",
        "is_verified": false,
        "line_number": 1715
      },
      {
        "type": "Base64 High Entropy String",
        "filename": "pnpm-lock.yaml",
        "hashed_secret": "3e536139add3f70bf34712d57cf490dc9c631553",
        "is_verified": false,
        "line_number": 1721
      },
      {
        "type": "Base64 High Entropy String",
        "filename": "pnpm-lock.yaml",
        "hashed_secret": "69e4418b2ffb487c86b50465bb7a8dd539577c3f",
        "is_verified": false,
        "line_number": 1728
      },
      {
        "type": "Base64 High Entropy String",
        "filename": "pnpm-lock.yaml",
        "hashed_secret": "bfbe2718fb7831987dda00ef00e5026befcadf0c",
        "is_verified": false,
        "line_number": 1735
      },
      {
        "type": "Base64 High Entropy String",
        "filename": "pnpm-lock.yaml",
        "hashed_secret": "2fbe8ab30e5355ea9d7538aec4d6c869562a0ed8",
        "is_verified": false,
        "line_number": 1742
      },
      {
        "type": "Base64 High Entropy String",
        "filename": "pnpm-lock.yaml",
        "hashed_secret": "7167a18bb535a84cae7dcacfe1f91b2ab63aa37f",
        "is_verified": false,
        "line_number": 1748
      },
      {
        "type": "Base64 High Entropy String",
        "filename": "pnpm-lock.yaml",
        "hashed_secret": "3bea92b9f6fb799774c52db9b38668949e60a65f",
        "is_verified": false,
        "line_number": 1755
      },
      {
        "type": "Base64 High Entropy String",
        "filename": "pnpm-lock.yaml",
        "hashed_secret": "f453849a1a495c411e006362db80bc16a404428d",
        "is_verified": false,
        "line_number": 1762
      },
      {
        "type": "Base64 High Entropy String",
        "filename": "pnpm-lock.yaml",
        "hashed_secret": "c2cfd88522dc79c5d1764af80e11fb966935bee0",
        "is_verified": false,
        "line_number": 1769
      },
      {
        "type": "Base64 High Entropy String",
        "filename": "pnpm-lock.yaml",
        "hashed_secret": "525fd4b11ce0f9a03ce67f1645f060cd21fe2a01",
        "is_verified": false,
        "line_number": 1776
      },
      {
        "type": "Base64 High Entropy String",
        "filename": "pnpm-lock.yaml",
        "hashed_secret": "019f44f943a31366871abc173951766edcf885d6",
        "is_verified": false,
        "line_number": 1785
      },
      {
        "type": "Base64 High Entropy String",
        "filename": "pnpm-lock.yaml",
        "hashed_secret": "a09ac4be578a7b177bc5f823f8624e32f10751fb",
        "is_verified": false,
        "line_number": 1802
      },
      {
        "type": "Base64 High Entropy String",
        "filename": "pnpm-lock.yaml",
        "hashed_secret": "1cf0ef4f461e0e1f95b6602c0fece18c0ba45144",
        "is_verified": false,
        "line_number": 1809
      },
      {
        "type": "Base64 High Entropy String",
        "filename": "pnpm-lock.yaml",
        "hashed_secret": "8239574b4263502316ae4af75858c8537b8f9dc2",
        "is_verified": false,
        "line_number": 1819
      },
      {
        "type": "Base64 High Entropy String",
        "filename": "pnpm-lock.yaml",
        "hashed_secret": "2cf79101947343f62524a7ab71f313b66d694198",
        "is_verified": false,
        "line_number": 1827
      },
      {
        "type": "Base64 High Entropy String",
        "filename": "pnpm-lock.yaml",
        "hashed_secret": "390113d1af6b5ece9a90ea6db402a0008b2a9d08",
        "is_verified": false,
        "line_number": 1833
      },
      {
        "type": "Base64 High Entropy String",
        "filename": "pnpm-lock.yaml",
        "hashed_secret": "b9e9fc595c57f2c78a150efae2502aff0094c9b5",
        "is_verified": false,
        "line_number": 1839
      },
      {
        "type": "Base64 High Entropy String",
        "filename": "pnpm-lock.yaml",
        "hashed_secret": "67b4869779f5407b8fa6b08546a6c9a484a93151",
        "is_verified": false,
        "line_number": 1845
      },
      {
        "type": "Base64 High Entropy String",
        "filename": "pnpm-lock.yaml",
        "hashed_secret": "aeb6cba9715dc5fd67cd0c32173b59f8e9c7330a",
        "is_verified": false,
        "line_number": 1888
      },
      {
        "type": "Base64 High Entropy String",
        "filename": "pnpm-lock.yaml",
        "hashed_secret": "f0257d02d23f53e799476af74cf0386375d4b6c2",
        "is_verified": false,
        "line_number": 1925
      },
      {
        "type": "Base64 High Entropy String",
        "filename": "pnpm-lock.yaml",
        "hashed_secret": "95b02c02e7cb902e9603042bf77d2ce3b47d7dd1",
        "is_verified": false,
        "line_number": 1933
      },
      {
        "type": "Base64 High Entropy String",
        "filename": "pnpm-lock.yaml",
        "hashed_secret": "749184805a59b4e245165000ff76d7e916f3efa5",
        "is_verified": false,
        "line_number": 1941
      },
      {
        "type": "Base64 High Entropy String",
        "filename": "pnpm-lock.yaml",
        "hashed_secret": "802a073f0f904a4b8b7f7e7d47e4abc3c04ba88f",
        "is_verified": false,
        "line_number": 1948
      },
      {
        "type": "Base64 High Entropy String",
        "filename": "pnpm-lock.yaml",
        "hashed_secret": "bbd8f9b13b814496e2a764697fb4d824d43470ca",
        "is_verified": false,
        "line_number": 1956
      },
      {
        "type": "Base64 High Entropy String",
        "filename": "pnpm-lock.yaml",
        "hashed_secret": "bc001a988dc93a1d9f0b811c8b6f5ed71cd922e8",
        "is_verified": false,
        "line_number": 1963
      }
    ]
  },
  "generated_at": "2026-06-29T09:27:37Z"
}
